
> reclaim-mvp@0.1.0 build
> next build

   ▲ Next.js 15.5.7
   - Environments: .env.local

   Creating an optimized production build ...
 ✓ Compiled successfully in 3.5s
   Linting and checking validity of types ...
Failed to compile.

./lib/cart/actions.ts:39:27
Type error: Property 'id' does not exist on type '{ user: null; error: AuthError; } | { user: any; error: null; }'.
  Property 'id' does not exist on type '{ user: null; error: AuthError; }'.

[0m [90m 37 |[39m       [33m.[39m[36mfrom[39m([32m'cart_items'[39m)
 [90m 38 |[39m       [33m.[39mselect([32m'*'[39m)
[31m[1m>[22m[39m[90m 39 |[39m       [33m.[39meq([32m'user_id'[39m[33m,[39m user[33m.[39mid)
 [90m    |[39m                           [31m[1m^[22m[39m
 [90m 40 |[39m       [33m.[39meq([32m'listing_id'[39m[33m,[39m listingId)
 [90m 41 |[39m       [33m.[39mmaybeSingle()
 [90m 42 |[39m[0m
Next.js build worker exited with code: 1 and signal: null
